1|1|row-001-abcdefghijklmnopqrstuvwxyz
2|2|row-002-abcdefghijklmnopqrstuvwxyz
3|3|row-003-abcdefghijklmnopqrstuvwxyz
4|4|row-004-abcdefghijklmnopqrstuvwxyz
5|5|row-005-abcdefghijklmnopqrstuvwxyz
6|6|row-006-abcdefghijklmnopqrstuvwxyz
7|7|row-007-abcdefghijklmnopqrstuvwxyz
8|8|row-008-abcdefghijklmnopqrstuvwxyz
9|9|row-009-abcdefghijklmnopqrstuvwxyz
10|10|row-010-abcdefghijklmnopqrstuvwxyz
11|11|row-011-abcdefghijklmnopqrstuvwxyz
12|12|row-012-abcdefghijklmnopqrstuvwxyz
13|13|row-013-abcdefghijklmnopqrstuvwxyz
14|14|row-014-abcdefghijklmnopqrstuvwxyz
15|15|row-015-abcdefghijklmnopqrstuvwxyz
16|16|row-016-abcdefghijklmnopqrstuvwxyz
17|17|row-017-abcdefghijklmnopqrstuvwxyz
18|18|row-018-abcdefghijklmnopqrstuvwxyz
19|19|row-019-abcdefghijklmnopqrstuvwxyz
20|20|row-020-abcdefghijklmnopqrstuvwxyz
21|21|row-021-abcdefghijklmnopqrstuvwxyz
22|22|row-022-abcdefghijklmnopqrstuvwxyz
23|23|row-023-abcdefghijklmnopqrstuvwxyz
24|24|row-024-abcdefghijklmnopqrstuvwxyz
25|25|row-025-abcdefghijklmnopqrstuvwxyz
26|26|row-026-abcdefghijklmnopqrstuvwxyz
27|27|row-027-abcdefghijklmnopqrstuvwxyz
28|28|row-028-abcdefghijklmnopqrstuvwxyz
29|29|row-029-abcdefghijklmnopqrstuvwxyz
30|30|row-030-abcdefghijklmnopqrstuvwxyz
31|31|row-031-abcdefghijklmnopqrstuvwxyz
32|32|row-032-abcdefghijklmnopqrstuvwxyz
33|33|row-033-abcdefghijklmnopqrstuvwxyz
34|34|row-034-abcdefghijklmnopqrstuvwxyz
35|35|row-035-abcdefghijklmnopqrstuvwxyz
36|36|row-036-abcdefghijklmnopqrstuvwxyz
37|37|row-037-abcdefghijklmnopqrstuvwxyz
38|38|row-038-abcdefghijklmnopqrstuvwxyz
39|39|row-039-abcdefghijklmnopqrstuvwxyz
40|40|row-040-abcdefghijklmnopqrstuvwxyz
41|41|row-041-abcdefghijklmnopqrstuvwxyz
42|42|row-042-abcdefghijklmnopqrstuvwxyz
43|43|row-043-abcdefghijklmnopqrstuvwxyz
44|44|row-044-abcdefghijklmnopqrstuvwxyz
45|45|row-045-abcdefghijklmnopqrstuvwxyz
46|46|row-046-abcdefghijklmnopqrstuvwxyz
47|47|row-047-abcdefghijklmnopqrstuvwxyz
48|48|row-048-abcdefghijklmnopqrstuvwxyz
49|49|row-049-abcdefghijklmnopqrstuvwxyz
50|50|row-050-abcdefghijklmnopqrstuvwxyz
51|51|row-051-abcdefghijklmnopqrstuvwxyz
52|52|row-052-abcdefghijklmnopqrstuvwxyz
53|53|row-053-abcdefghijklmnopqrstuvwxyz
54|54|row-054-abcdefghijklmnopqrstuvwxyz
55|55|row-055-abcdefghijklmnopqrstuvwxyz
56|56|row-056-abcdefghijklmnopqrstuvwxyz
57|57|row-057-abcdefghijklmnopqrstuvwxyz
58|58|row-058-abcdefghijklmnopqrstuvwxyz
59|59|row-059-abcdefghijklmnopqrstuvwxyz
60|60|row-060-abcdefghijklmnopqrstuvwxyz
61|61|row-061-abcdefghijklmnopqrstuvwxyz
62|62|row-062-abcdefghijklmnopqrstuvwxyz
63|63|row-063-abcdefghijklmnopqrstuvwxyz
64|64|row-064-abcdefghijklmnopqrstuvwxyz
65|65|row-065-abcdefghijklmnopqrstuvwxyz
66|66|row-066-abcdefghijklmnopqrstuvwxyz
67|67|row-067-abcdefghijklmnopqrstuvwxyz
68|68|row-068-abcdefghijklmnopqrstuvwxyz
69|69|row-069-abcdefghijklmnopqrstuvwxyz
70|70|row-070-abcdefghijklmnopqrstuvwxyz
71|71|row-071-abcdefghijklmnopqrstuvwxyz
72|72|row-072-abcdefghijklmnopqrstuvwxyz
73|73|row-073-abcdefghijklmnopqrstuvwxyz
74|74|row-074-abcdefghijklmnopqrstuvwxyz
75|75|row-075-abcdefghijklmnopqrstuvwxyz
76|76|row-076-abcdefghijklmnopqrstuvwxyz
77|77|row-077-abcdefghijklmnopqrstuvwxyz
78|78|row-078-abcdefghijklmnopqrstuvwxyz
79|79|row-079-abcdefghijklmnopqrstuvwxyz
80|80|row-080-abcdefghijklmnopqrstuvwxyz
81|81|row-081-abcdefghijklmnopqrstuvwxyz
82|82|row-082-abcdefghijklmnopqrstuvwxyz
83|83|row-083-abcdefghijklmnopqrstuvwxyz
84|84|row-084-abcdefghijklmnopqrstuvwxyz
85|85|row-085-abcdefghijklmnopqrstuvwxyz
86|86|row-086-abcdefghijklmnopqrstuvwxyz
87|87|row-087-abcdefghijklmnopqrstuvwxyz
88|88|row-088-abcdefghijklmnopqrstuvwxyz
89|89|row-089-abcdefghijklmnopqrstuvwxyz
90|90|row-090-abcdefghijklmnopqrstuvwxyz
91|91|row-091-abcdefghijklmnopqrstuvwxyz
92|92|row-092-abcdefghijklmnopqrstuvwxyz
93|93|row-093-abcdefghijklmnopqrstuvwxyz
94|94|row-094-abcdefghijklmnopqrstuvwxyz
95|95|row-095-abcdefghijklmnopqrstuvwxyz
96|96|row-096-abcdefghijklmnopqrstuvwxyz
97|97|row-097-abcdefghijklmnopqrstuvwxyz
98|98|row-098-abcdefghijklmnopqrstuvwxyz
99|99|row-099-abcdefghijklmnopqrstuvwxyz
100|100|row-100-abcdefghijklmnopqrstuvwxyz
101|101|row-101-abcdefghijklmnopqrstuvwxyz
102|102|row-102-abcdefghijklmnopqrstuvwxyz
103|103|row-103-abcdefghijklmnopqrstuvwxyz
104|104|row-104-abcdefghijklmnopqrstuvwxyz
105|105|row-105-abcdefghijklmnopqrstuvwxyz
106|106|row-106-abcdefghijklmnopqrstuvwxyz
107|107|row-107-abcdefghijklmnopqrstuvwxyz
108|108|row-108-abcdefghijklmnopqrstuvwxyz
109|109|row-109-abcdefghijklmnopqrstuvwxyz
110|110|row-110-abcdefghijklmnopqrstuvwxyz
111|111|row-111-abcdefghijklmnopqrstuvwxyz
112|112|row-112-abcdefghijklmnopqrstuvwxyz
113|113|row-113-abcdefghijklmnopqrstuvwxyz
114|114|row-114-abcdefghijklmnopqrstuvwxyz
115|115|row-115-abcdefghijklmnopqrstuvwxyz
116|116|row-116-abcdefghijklmnopqrstuvwxyz
117|117|row-117-abcdefghijklmnopqrstuvwxyz
118|118|row-118-abcdefghijklmnopqrstuvwxyz
119|119|row-119-abcdefghijklmnopqrstuvwxyz
120|120|row-120-abcdefghijklmnopqrstuvwxyz
